Hyb-Adam-UM optimizer log
{"epochs": 5000, "print_every": 500, "lr_init": 0.02, "lr_milestones": [700, 2000, 4000], "lr_factor": 0.5, "lr_min": 0.0001, "sched_patience_blocks": 7, "weight_decay": 0.0, "clip_grad_norm": 5.0, "h_central_diff": 1e-05, "beta1": 0.9, "beta2": 0.999, "adam_eps": 1e-08, "seed_hyb": 42, "init_strategy": "two_way_mean", "n_restarts": 2, "restart_jitter_scale": 0.03, "max_distance_factor": 1.5, "normalize_objective_by_triplets": true, "convergence_rel_tol": 1e-07, "convergence_patience_checks": 5, "early_stop": false}
Initial strategy=two_way_mean; restarts=2; upper_bound=0.42105747973470886; optimized_variables=52; normalize_objective_by_triplets=True
Restart 0: initial Delta=119.009170; objective_for_grad=0.26155862
Restart 0, epoch     1 | Delta=94.205944 | best Delta=94.205944 | obj=0.20704603 | lr=0.02
Restart 0, epoch   500 | Delta=28.250130 | best Delta=28.250130 | obj=0.062088198 | lr=0.02
Restart 0, epoch 00700: lr milestone 0.02 -> 0.01
Restart 0, epoch  1000 | Delta=24.598460 | best Delta=24.598460 | obj=0.05406255 | lr=0.01
Restart 0, epoch  1500 | Delta=25.596614 | best Delta=24.598460 | obj=0.056256295 | lr=0.01
Restart 0, epoch 02000: lr milestone 0.01 -> 0.005
Restart 0, epoch  2000 | Delta=24.639219 | best Delta=24.598460 | obj=0.054152131 | lr=0.005
Restart 0, epoch  2500 | Delta=23.312685 | best Delta=23.312685 | obj=0.05123667 | lr=0.005
Restart 0, epoch  3000 | Delta=23.368868 | best Delta=23.312685 | obj=0.05136015 | lr=0.005
Restart 0, epoch  3500 | Delta=23.472221 | best Delta=23.312685 | obj=0.051587299 | lr=0.005
Restart 0, epoch 04000: lr milestone 0.005 -> 0.0025
Restart 0, epoch  4000 | Delta=23.928890 | best Delta=23.312685 | obj=0.052590968 | lr=0.0025
Restart 0, epoch  4500 | Delta=23.051494 | best Delta=23.051494 | obj=0.050662624 | lr=0.0025
Restart 0, epoch  5000 | Delta=22.829499 | best Delta=22.829499 | obj=0.050174723 | lr=0.0025
Restart 1: initial Delta=133.097595; objective_for_grad=0.29252219
Restart 1, epoch     1 | Delta=111.899620 | best Delta=111.899620 | obj=0.24593323 | lr=0.02
Restart 1, epoch   500 | Delta=27.485851 | best Delta=27.485851 | obj=0.060408464 | lr=0.02
Restart 1, epoch 00700: lr milestone 0.02 -> 0.01
Restart 1, epoch  1000 | Delta=25.382129 | best Delta=25.382129 | obj=0.055784898 | lr=0.01
Restart 1, epoch  1500 | Delta=24.955472 | best Delta=24.955472 | obj=0.054847192 | lr=0.01
Restart 1, epoch 02000: lr milestone 0.01 -> 0.005
Restart 1, epoch  2000 | Delta=25.139249 | best Delta=24.955472 | obj=0.055251097 | lr=0.005
Restart 1, epoch  2500 | Delta=23.613897 | best Delta=23.613897 | obj=0.051898674 | lr=0.005
Restart 1, epoch  3000 | Delta=23.700275 | best Delta=23.613897 | obj=0.052088517 | lr=0.005
Restart 1, epoch  3500 | Delta=23.563761 | best Delta=23.563761 | obj=0.051788486 | lr=0.005
Restart 1, epoch 04000: lr milestone 0.005 -> 0.0025
Restart 1, epoch  4000 | Delta=23.345107 | best Delta=23.345107 | obj=0.051307927 | lr=0.0025
Restart 1, epoch  4500 | Delta=22.863608 | best Delta=22.863608 | obj=0.050249689 | lr=0.0025
Restart 1, epoch  5000 | Delta=23.054945 | best Delta=22.863608 | obj=0.050670209 | lr=0.0025
Selected restart 0 with final Delta=22.829499; reduction=80.817025%; best_epoch=5000; epochs_used=5000; final_lr=0.0025
