Hyb-Adam-UM optimizer log
{"epochs": 5000, "print_every": 500, "lr_init": 0.02, "lr_milestones": [700, 2000, 4000], "lr_factor": 0.5, "lr_min": 0.0001, "sched_patience_blocks": 7, "weight_decay": 0.0, "clip_grad_norm": 5.0, "h_central_diff": 1e-05, "beta1": 0.9, "beta2": 0.999, "adam_eps": 1e-08, "seed_hyb": 42, "init_strategy": "two_way_mean", "n_restarts": 2, "restart_jitter_scale": 0.03, "max_distance_factor": 1.5, "normalize_objective_by_triplets": true, "convergence_rel_tol": 1e-07, "convergence_patience_checks": 5, "early_stop": false}
Initial strategy=two_way_mean; restarts=2; upper_bound=0.43036522601847826; optimized_variables=52; normalize_objective_by_triplets=True
Restart 0: initial Delta=162.992164; objective_for_grad=0.35822454
Restart 0, epoch     1 | Delta=142.115596 | best Delta=142.115596 | obj=0.31234197 | lr=0.02
Restart 0, epoch   500 | Delta=27.257656 | best Delta=27.257656 | obj=0.059906937 | lr=0.02
Restart 0, epoch 00700: lr milestone 0.02 -> 0.01
Restart 0, epoch  1000 | Delta=23.795298 | best Delta=23.795298 | obj=0.052297358 | lr=0.01
Restart 0, epoch  1500 | Delta=23.353742 | best Delta=23.353742 | obj=0.051326906 | lr=0.01
Restart 0, epoch 02000: lr milestone 0.01 -> 0.005
Restart 0, epoch  2000 | Delta=24.808441 | best Delta=23.353742 | obj=0.054524047 | lr=0.005
Restart 0, epoch  2500 | Delta=22.023519 | best Delta=22.023519 | obj=0.048403338 | lr=0.005
Restart 0, epoch  3000 | Delta=22.242039 | best Delta=22.023519 | obj=0.048883603 | lr=0.005
Restart 0, epoch  3500 | Delta=22.248193 | best Delta=22.023519 | obj=0.048897127 | lr=0.005
Restart 0, epoch 04000: lr milestone 0.005 -> 0.0025
Restart 0, epoch  4000 | Delta=21.849314 | best Delta=21.849314 | obj=0.048020471 | lr=0.0025
Restart 0, epoch  4500 | Delta=20.757560 | best Delta=20.757560 | obj=0.04562101 | lr=0.0025
Restart 0, epoch  5000 | Delta=20.787758 | best Delta=20.757560 | obj=0.04568738 | lr=0.0025
Restart 1: initial Delta=186.209419; objective_for_grad=0.40925147
Restart 1, epoch     1 | Delta=131.295576 | best Delta=131.295576 | obj=0.28856171 | lr=0.02
Restart 1, epoch   500 | Delta=28.056683 | best Delta=28.056683 | obj=0.061663039 | lr=0.02
Restart 1, epoch 00700: lr milestone 0.02 -> 0.01
Restart 1, epoch  1000 | Delta=23.450177 | best Delta=23.450177 | obj=0.05153885 | lr=0.01
Restart 1, epoch  1500 | Delta=23.523447 | best Delta=23.450177 | obj=0.051699884 | lr=0.01
Restart 1, epoch 02000: lr milestone 0.01 -> 0.005
Restart 1, epoch  2000 | Delta=23.633795 | best Delta=23.450177 | obj=0.051942407 | lr=0.005
Restart 1, epoch  2500 | Delta=21.507531 | best Delta=21.507531 | obj=0.047269299 | lr=0.005
Restart 1, epoch  3000 | Delta=21.376257 | best Delta=21.376257 | obj=0.046980784 | lr=0.005
Restart 1, epoch  3500 | Delta=21.346946 | best Delta=21.346946 | obj=0.046916365 | lr=0.005
Restart 1, epoch 04000: lr milestone 0.005 -> 0.0025
Restart 1, epoch  4000 | Delta=21.267181 | best Delta=21.267181 | obj=0.046741058 | lr=0.0025
Restart 1, epoch  4500 | Delta=20.752691 | best Delta=20.752691 | obj=0.04561031 | lr=0.0025
Restart 1, epoch  5000 | Delta=21.135943 | best Delta=20.752691 | obj=0.046452623 | lr=0.0025
Selected restart 1 with final Delta=20.752691; reduction=88.855187%; best_epoch=4500; epochs_used=5000; final_lr=0.0025
