Hyb-Adam-UM optimizer log
{"epochs": 5000, "print_every": 500, "lr_init": 0.02, "lr_milestones": [700, 2000, 4000], "lr_factor": 0.5, "lr_min": 0.0001, "sched_patience_blocks": 7, "weight_decay": 0.0, "clip_grad_norm": 5.0, "h_central_diff": 1e-05, "beta1": 0.9, "beta2": 0.999, "adam_eps": 1e-08, "seed_hyb": 42, "init_strategy": "two_way_mean", "n_restarts": 2, "restart_jitter_scale": 0.03, "max_distance_factor": 1.5, "normalize_objective_by_triplets": true, "convergence_rel_tol": 1e-07, "convergence_patience_checks": 5, "early_stop": false}
Initial strategy=two_way_mean; restarts=2; upper_bound=0.42080276219249024; optimized_variables=52; normalize_objective_by_triplets=True
Restart 0: initial Delta=183.760746; objective_for_grad=0.40386977
Restart 0, epoch     1 | Delta=180.594831 | best Delta=180.594831 | obj=0.39691172 | lr=0.02
Restart 0, epoch   500 | Delta=34.915523 | best Delta=34.915523 | obj=0.076737413 | lr=0.02
Restart 0, epoch 00700: lr milestone 0.02 -> 0.01
Restart 0, epoch  1000 | Delta=29.015677 | best Delta=29.015677 | obj=0.063770718 | lr=0.01
Restart 0, epoch  1500 | Delta=28.871258 | best Delta=28.871258 | obj=0.063453315 | lr=0.01
Restart 0, epoch 02000: lr milestone 0.01 -> 0.005
Restart 0, epoch  2000 | Delta=29.410563 | best Delta=28.871258 | obj=0.0646386 | lr=0.005
Restart 0, epoch  2500 | Delta=26.838267 | best Delta=26.838267 | obj=0.058985203 | lr=0.005
Restart 0, epoch  3000 | Delta=27.692643 | best Delta=26.838267 | obj=0.060862952 | lr=0.005
Restart 0, epoch  3500 | Delta=27.292736 | best Delta=26.838267 | obj=0.059984035 | lr=0.005
Restart 0, epoch 04000: lr milestone 0.005 -> 0.0025
Restart 0, epoch  4000 | Delta=27.189487 | best Delta=26.838267 | obj=0.059757115 | lr=0.0025
Restart 0, epoch  4500 | Delta=25.479071 | best Delta=25.479071 | obj=0.055997958 | lr=0.0025
Restart 0, epoch  5000 | Delta=25.649406 | best Delta=25.479071 | obj=0.056372322 | lr=0.0025
Restart 1: initial Delta=149.494342; objective_for_grad=0.32855899
Restart 1, epoch     1 | Delta=145.465532 | best Delta=145.465532 | obj=0.31970446 | lr=0.02
Restart 1, epoch   500 | Delta=32.623279 | best Delta=32.623279 | obj=0.071699515 | lr=0.02
Restart 1, epoch 00700: lr milestone 0.02 -> 0.01
Restart 1, epoch  1000 | Delta=28.384643 | best Delta=28.384643 | obj=0.062383831 | lr=0.01
Restart 1, epoch  1500 | Delta=29.816189 | best Delta=28.384643 | obj=0.065530085 | lr=0.01
Restart 1, epoch 02000: lr milestone 0.01 -> 0.005
Restart 1, epoch  2000 | Delta=29.698447 | best Delta=28.384643 | obj=0.065271312 | lr=0.005
Restart 1, epoch  2500 | Delta=27.350560 | best Delta=27.350560 | obj=0.06011112 | lr=0.005
Restart 1, epoch  3000 | Delta=26.818082 | best Delta=26.818082 | obj=0.05894084 | lr=0.005
Restart 1, epoch  3500 | Delta=27.748305 | best Delta=26.818082 | obj=0.060985285 | lr=0.005
Restart 1, epoch 04000: lr milestone 0.005 -> 0.0025
Restart 1, epoch  4000 | Delta=27.281789 | best Delta=26.818082 | obj=0.059959976 | lr=0.0025
Restart 1, epoch  4500 | Delta=26.051641 | best Delta=26.051641 | obj=0.057256355 | lr=0.0025
Restart 1, epoch  5000 | Delta=25.759140 | best Delta=25.759140 | obj=0.056613494 | lr=0.0025
Selected restart 0 with final Delta=25.479071; reduction=86.134650%; best_epoch=4500; epochs_used=5000; final_lr=0.0025
