Hyb-Adam-UM optimizer log
{"epochs": 5000, "print_every": 500, "lr_init": 0.02, "lr_milestones": [700, 2000, 4000], "lr_factor": 0.5, "lr_min": 0.0001, "sched_patience_blocks": 7, "weight_decay": 0.0, "clip_grad_norm": 5.0, "h_central_diff": 1e-05, "beta1": 0.9, "beta2": 0.999, "adam_eps": 1e-08, "seed_hyb": 42, "init_strategy": "two_way_mean", "n_restarts": 2, "restart_jitter_scale": 0.03, "max_distance_factor": 1.5, "normalize_objective_by_triplets": true, "convergence_rel_tol": 1e-07, "convergence_patience_checks": 5, "early_stop": false}
Initial strategy=two_way_mean; restarts=2; upper_bound=0.23388963332927265; optimized_variables=52; normalize_objective_by_triplets=True
Restart 0: initial Delta=305.674585; objective_for_grad=0.67181228
Restart 0, epoch     1 | Delta=325.335302 | best Delta=305.674585 | obj=0.71502264 | lr=0.02
Restart 0, epoch   500 | Delta=37.908742 | best Delta=37.908742 | obj=0.083315917 | lr=0.02
Restart 0, epoch 00700: lr milestone 0.02 -> 0.01
Restart 0, epoch  1000 | Delta=30.209742 | best Delta=30.209742 | obj=0.066395038 | lr=0.01
Restart 0, epoch  1500 | Delta=31.835332 | best Delta=30.209742 | obj=0.069967762 | lr=0.01
Restart 0, epoch 02000: lr milestone 0.01 -> 0.005
Restart 0, epoch  2000 | Delta=29.916330 | best Delta=29.916330 | obj=0.065750175 | lr=0.005
Restart 0, epoch  2500 | Delta=26.592321 | best Delta=26.592321 | obj=0.058444662 | lr=0.005
Restart 0, epoch  3000 | Delta=27.946135 | best Delta=26.592321 | obj=0.061420077 | lr=0.005
Restart 0, epoch  3500 | Delta=25.638766 | best Delta=25.638766 | obj=0.056348936 | lr=0.005
Restart 0, epoch 04000: lr milestone 0.005 -> 0.0025
Restart 0, epoch  4000 | Delta=26.981786 | best Delta=25.638766 | obj=0.059300628 | lr=0.0025
Restart 0, epoch  4500 | Delta=24.551483 | best Delta=24.551483 | obj=0.053959304 | lr=0.0025
Restart 0, epoch  5000 | Delta=23.639589 | best Delta=23.639589 | obj=0.05195514 | lr=0.0025
Restart 1: initial Delta=326.195200; objective_for_grad=0.71691253
Restart 1, epoch     1 | Delta=287.889955 | best Delta=287.889955 | obj=0.63272518 | lr=0.02
Restart 1, epoch   500 | Delta=42.748712 | best Delta=42.748712 | obj=0.093953213 | lr=0.02
Restart 1, epoch 00700: lr milestone 0.02 -> 0.01
Restart 1, epoch  1000 | Delta=32.239637 | best Delta=32.239637 | obj=0.070856345 | lr=0.01
Restart 1, epoch  1500 | Delta=34.247577 | best Delta=32.239637 | obj=0.0752694 | lr=0.01
Restart 1, epoch 02000: lr milestone 0.01 -> 0.005
Restart 1, epoch  2000 | Delta=35.506506 | best Delta=32.239637 | obj=0.078036277 | lr=0.005
Restart 1, epoch  2500 | Delta=26.878079 | best Delta=26.878079 | obj=0.059072702 | lr=0.005
Restart 1, epoch  3000 | Delta=26.979828 | best Delta=26.878079 | obj=0.059296326 | lr=0.005
Restart 1, epoch  3500 | Delta=27.469027 | best Delta=26.878079 | obj=0.060371489 | lr=0.005
Restart 1, epoch 04000: lr milestone 0.005 -> 0.0025
Restart 1, epoch  4000 | Delta=28.610398 | best Delta=26.878079 | obj=0.062879996 | lr=0.0025
Restart 1, epoch  4500 | Delta=25.006865 | best Delta=25.006865 | obj=0.054960142 | lr=0.0025
Restart 1, epoch  5000 | Delta=23.774623 | best Delta=23.774623 | obj=0.052251919 | lr=0.0025
Selected restart 0 with final Delta=23.639589; reduction=92.266420%; best_epoch=5000; epochs_used=5000; final_lr=0.0025
