Hyb-Adam-UM optimizer log
{"epochs": 5000, "print_every": 500, "lr_init": 0.02, "lr_milestones": [700, 2000, 4000], "lr_factor": 0.5, "lr_min": 0.0001, "sched_patience_blocks": 7, "weight_decay": 0.0, "clip_grad_norm": 5.0, "h_central_diff": 1e-05, "beta1": 0.9, "beta2": 0.999, "adam_eps": 1e-08, "seed_hyb": 42, "init_strategy": "two_way_mean", "n_restarts": 2, "restart_jitter_scale": 0.03, "max_distance_factor": 1.5, "normalize_objective_by_triplets": true, "convergence_rel_tol": 1e-07, "convergence_patience_checks": 5, "early_stop": false}
Initial strategy=two_way_mean; restarts=2; upper_bound=0.23388963332927265; optimized_variables=68; normalize_objective_by_triplets=True
Restart 0: initial Delta=447.899439; objective_for_grad=0.98439437
Restart 0, epoch     1 | Delta=349.882747 | best Delta=349.882747 | obj=0.76897307 | lr=0.02
Restart 0, epoch   500 | Delta=41.055917 | best Delta=41.055917 | obj=0.090232785 | lr=0.02
Restart 0, epoch 00700: lr milestone 0.02 -> 0.01
Restart 0, epoch  1000 | Delta=27.907148 | best Delta=27.907148 | obj=0.06133439 | lr=0.01
Restart 0, epoch  1500 | Delta=32.189792 | best Delta=27.907148 | obj=0.070746796 | lr=0.01
Restart 0, epoch 02000: lr milestone 0.01 -> 0.005
Restart 0, epoch  2000 | Delta=28.000705 | best Delta=27.907148 | obj=0.061540011 | lr=0.005
Restart 0, epoch  2500 | Delta=22.384993 | best Delta=22.384993 | obj=0.049197787 | lr=0.005
Restart 0, epoch  3000 | Delta=21.592563 | best Delta=21.592563 | obj=0.047456183 | lr=0.005
Restart 0, epoch  3500 | Delta=21.063871 | best Delta=21.063871 | obj=0.046294221 | lr=0.005
Restart 0, epoch 04000: lr milestone 0.005 -> 0.0025
Restart 0, epoch  4000 | Delta=22.037935 | best Delta=21.063871 | obj=0.048435023 | lr=0.0025
Restart 0, epoch  4500 | Delta=18.620176 | best Delta=18.620176 | obj=0.040923464 | lr=0.0025
Restart 0, epoch  5000 | Delta=18.799299 | best Delta=18.620176 | obj=0.04131714 | lr=0.0025
Restart 1: initial Delta=324.862663; objective_for_grad=0.71398387
Restart 1, epoch     1 | Delta=336.857221 | best Delta=324.862663 | obj=0.74034554 | lr=0.02
Restart 1, epoch   500 | Delta=44.661933 | best Delta=44.661933 | obj=0.098158093 | lr=0.02
Restart 1, epoch 00700: lr milestone 0.02 -> 0.01
Restart 1, epoch  1000 | Delta=31.996871 | best Delta=31.996871 | obj=0.070322794 | lr=0.01
Restart 1, epoch  1500 | Delta=30.946777 | best Delta=30.946777 | obj=0.068014893 | lr=0.01
Restart 1, epoch 02000: lr milestone 0.01 -> 0.005
Restart 1, epoch  2000 | Delta=25.360184 | best Delta=25.360184 | obj=0.055736668 | lr=0.005
Restart 1, epoch  2500 | Delta=21.819410 | best Delta=21.819410 | obj=0.047954748 | lr=0.005
Restart 1, epoch  3000 | Delta=20.508644 | best Delta=20.508644 | obj=0.045073944 | lr=0.005
Restart 1, epoch  3500 | Delta=20.058864 | best Delta=20.058864 | obj=0.044085415 | lr=0.005
Restart 1, epoch 04000: lr milestone 0.005 -> 0.0025
Restart 1, epoch  4000 | Delta=22.815472 | best Delta=20.058864 | obj=0.050143895 | lr=0.0025
Restart 1, epoch  4500 | Delta=17.978185 | best Delta=17.978185 | obj=0.039512494 | lr=0.0025
Restart 1, epoch  5000 | Delta=18.541233 | best Delta=17.978185 | obj=0.040749963 | lr=0.0025
Selected restart 1 with final Delta=17.978185; reduction=94.465912%; best_epoch=4500; epochs_used=5000; final_lr=0.0025
