Hyb-Adam-UM optimizer log
{"epochs": 5000, "print_every": 500, "lr_init": 0.02, "lr_milestones": [700, 2000, 4000], "lr_factor": 0.5, "lr_min": 0.0001, "sched_patience_blocks": 7, "weight_decay": 0.0, "clip_grad_norm": 5.0, "h_central_diff": 1e-05, "beta1": 0.9, "beta2": 0.999, "adam_eps": 1e-08, "seed_hyb": 42, "init_strategy": "two_way_mean", "n_restarts": 2, "restart_jitter_scale": 0.03, "max_distance_factor": 1.5, "normalize_objective_by_triplets": true, "convergence_rel_tol": 1e-07, "convergence_patience_checks": 5, "early_stop": false}
Initial strategy=two_way_mean; restarts=2; upper_bound=0.23388963332927265; optimized_variables=32; normalize_objective_by_triplets=True
Restart 0: initial Delta=313.079504; objective_for_grad=0.68808682
Restart 0, epoch     1 | Delta=194.334058 | best Delta=194.334058 | obj=0.42710782 | lr=0.02
Restart 0, epoch   500 | Delta=43.840453 | best Delta=43.840453 | obj=0.096352644 | lr=0.02
Restart 0, epoch 00700: lr milestone 0.02 -> 0.01
Restart 0, epoch  1000 | Delta=39.571284 | best Delta=39.571284 | obj=0.086969854 | lr=0.01
Restart 0, epoch  1500 | Delta=38.256103 | best Delta=38.256103 | obj=0.084079347 | lr=0.01
Restart 0, epoch 02000: lr milestone 0.01 -> 0.005
Restart 0, epoch  2000 | Delta=40.347653 | best Delta=38.256103 | obj=0.08867616 | lr=0.005
Restart 0, epoch  2500 | Delta=35.693642 | best Delta=35.693642 | obj=0.078447564 | lr=0.005
Restart 0, epoch  3000 | Delta=36.486970 | best Delta=35.693642 | obj=0.080191144 | lr=0.005
Restart 0, epoch  3500 | Delta=35.888244 | best Delta=35.693642 | obj=0.078875262 | lr=0.005
Restart 0, epoch 04000: lr milestone 0.005 -> 0.0025
Restart 0, epoch  4000 | Delta=37.607895 | best Delta=35.693642 | obj=0.082654715 | lr=0.0025
Restart 0, epoch  4500 | Delta=34.646760 | best Delta=34.646760 | obj=0.076146725 | lr=0.0025
Restart 0, epoch  5000 | Delta=35.053846 | best Delta=34.646760 | obj=0.077041421 | lr=0.0025
Restart 1: initial Delta=275.546931; objective_for_grad=0.60559765
Restart 1, epoch     1 | Delta=228.388398 | best Delta=228.388398 | obj=0.50195252 | lr=0.02
Restart 1, epoch   500 | Delta=47.047695 | best Delta=47.047695 | obj=0.10340153 | lr=0.02
Restart 1, epoch 00700: lr milestone 0.02 -> 0.01
Restart 1, epoch  1000 | Delta=36.860199 | best Delta=36.860199 | obj=0.081011426 | lr=0.01
Restart 1, epoch  1500 | Delta=42.695219 | best Delta=36.860199 | obj=0.093835647 | lr=0.01
Restart 1, epoch 02000: lr milestone 0.01 -> 0.005
Restart 1, epoch  2000 | Delta=40.179035 | best Delta=36.860199 | obj=0.088305572 | lr=0.005
Restart 1, epoch  2500 | Delta=35.959999 | best Delta=35.959999 | obj=0.079032965 | lr=0.005
Restart 1, epoch  3000 | Delta=36.721103 | best Delta=35.959999 | obj=0.080705721 | lr=0.005
Restart 1, epoch  3500 | Delta=37.151700 | best Delta=35.959999 | obj=0.081652088 | lr=0.005
Restart 1, epoch 04000: lr milestone 0.005 -> 0.0025
Restart 1, epoch  4000 | Delta=36.450792 | best Delta=35.959999 | obj=0.08011163 | lr=0.0025
Restart 1, epoch  4500 | Delta=35.029036 | best Delta=35.029036 | obj=0.076986893 | lr=0.0025
Restart 1, epoch  5000 | Delta=34.352143 | best Delta=34.352143 | obj=0.075499215 | lr=0.0025
Selected restart 1 with final Delta=34.352143; reduction=87.533106%; best_epoch=5000; epochs_used=5000; final_lr=0.0025
