Hyb-Adam-UM optimizer log
{"epochs": 5000, "print_every": 500, "lr_init": 0.02, "lr_milestones": [700, 2000, 4000], "lr_factor": 0.5, "lr_min": 0.0001, "sched_patience_blocks": 7, "weight_decay": 0.0, "clip_grad_norm": 5.0, "h_central_diff": 1e-05, "beta1": 0.9, "beta2": 0.999, "adam_eps": 1e-08, "seed_hyb": 42, "init_strategy": "two_way_mean", "n_restarts": 2, "restart_jitter_scale": 0.03, "max_distance_factor": 1.5, "normalize_objective_by_triplets": true, "convergence_rel_tol": 1e-07, "convergence_patience_checks": 5, "early_stop": false}
Initial strategy=two_way_mean; restarts=2; upper_bound=0.22972232371209345; optimized_variables=89; normalize_objective_by_triplets=True
Restart 0: initial Delta=66.603348; objective_for_grad=0.14638099
Restart 0, epoch     1 | Delta=471.683308 | best Delta=66.603348 | obj=1.0366666 | lr=0.02
Restart 0, epoch   500 | Delta=20.794575 | best Delta=20.794575 | obj=0.045702363 | lr=0.02
Restart 0, epoch 00700: lr milestone 0.02 -> 0.01
Restart 0, epoch  1000 | Delta=8.701262 | best Delta=8.701262 | obj=0.019123652 | lr=0.01
Restart 0, epoch  1500 | Delta=8.626978 | best Delta=8.626978 | obj=0.018960391 | lr=0.01
Restart 0, epoch 02000: lr milestone 0.01 -> 0.005
Restart 0, epoch  2000 | Delta=9.050355 | best Delta=8.626978 | obj=0.01989089 | lr=0.005
Restart 0, epoch  2500 | Delta=5.131772 | best Delta=5.131772 | obj=0.011278621 | lr=0.005
Restart 0, epoch  3000 | Delta=5.191129 | best Delta=5.131772 | obj=0.011409075 | lr=0.005
Restart 0, epoch  3500 | Delta=4.783310 | best Delta=4.783310 | obj=0.01051277 | lr=0.005
Restart 0, epoch 04000: lr milestone 0.005 -> 0.0025
Restart 0, epoch  4000 | Delta=4.934618 | best Delta=4.783310 | obj=0.010845314 | lr=0.0025
Restart 0, epoch  4500 | Delta=2.508546 | best Delta=2.508546 | obj=0.0055132885 | lr=0.0025
Restart 0, epoch  5000 | Delta=2.360029 | best Delta=2.360029 | obj=0.005186877 | lr=0.0025
Restart 1: initial Delta=73.453891; objective_for_grad=0.16143712
Restart 1, epoch     1 | Delta=251.024335 | best Delta=73.453891 | obj=0.55170183 | lr=0.02
Restart 1, epoch   500 | Delta=16.295986 | best Delta=16.295986 | obj=0.035815354 | lr=0.02
Restart 1, epoch 00700: lr milestone 0.02 -> 0.01
Restart 1, epoch  1000 | Delta=9.741898 | best Delta=9.741898 | obj=0.021410765 | lr=0.01
Restart 1, epoch  1500 | Delta=9.419471 | best Delta=9.419471 | obj=0.020702134 | lr=0.01
Restart 1, epoch 02000: lr milestone 0.01 -> 0.005
Restart 1, epoch  2000 | Delta=8.917180 | best Delta=8.917180 | obj=0.019598197 | lr=0.005
Restart 1, epoch  2500 | Delta=5.583516 | best Delta=5.583516 | obj=0.012271465 | lr=0.005
Restart 1, epoch  3000 | Delta=4.598068 | best Delta=4.598068 | obj=0.010105644 | lr=0.005
Restart 1, epoch  3500 | Delta=4.173601 | best Delta=4.173601 | obj=0.0091727485 | lr=0.005
Restart 1, epoch 04000: lr milestone 0.005 -> 0.0025
Restart 1, epoch  4000 | Delta=4.965235 | best Delta=4.173601 | obj=0.010912605 | lr=0.0025
Restart 1, epoch  4500 | Delta=2.822948 | best Delta=2.822948 | obj=0.0062042803 | lr=0.0025
Restart 1, epoch  5000 | Delta=3.265400 | best Delta=2.822948 | obj=0.0071767034 | lr=0.0025
Selected restart 0 with final Delta=2.360029; reduction=96.456591%; best_epoch=5000; epochs_used=5000; final_lr=0.0025
