Hyb-Adam-UM optimizer log
{"epochs": 5000, "print_every": 500, "lr_init": 0.02, "lr_milestones": [700, 2000, 4000], "lr_factor": 0.5, "lr_min": 0.0001, "sched_patience_blocks": 7, "weight_decay": 0.0, "clip_grad_norm": 5.0, "h_central_diff": 1e-05, "beta1": 0.9, "beta2": 0.999, "adam_eps": 1e-08, "seed_hyb": 42, "init_strategy": "two_way_mean", "n_restarts": 2, "restart_jitter_scale": 0.03, "max_distance_factor": 1.5, "normalize_objective_by_triplets": true, "convergence_rel_tol": 1e-07, "convergence_patience_checks": 5, "early_stop": false}
Initial strategy=two_way_mean; restarts=2; upper_bound=0.23388963332927265; optimized_variables=52; normalize_objective_by_triplets=True
Restart 0: initial Delta=427.622708; objective_for_grad=0.93983013
Restart 0, epoch     1 | Delta=265.107472 | best Delta=265.107472 | obj=0.58265379 | lr=0.02
Restart 0, epoch   500 | Delta=43.737314 | best Delta=43.737314 | obj=0.096125965 | lr=0.02
Restart 0, epoch 00700: lr milestone 0.02 -> 0.01
Restart 0, epoch  1000 | Delta=34.100143 | best Delta=34.100143 | obj=0.074945368 | lr=0.01
Restart 0, epoch  1500 | Delta=34.607283 | best Delta=34.100143 | obj=0.076059963 | lr=0.01
Restart 0, epoch 02000: lr milestone 0.01 -> 0.005
Restart 0, epoch  2000 | Delta=34.234128 | best Delta=34.100143 | obj=0.075239841 | lr=0.005
Restart 0, epoch  2500 | Delta=29.058875 | best Delta=29.058875 | obj=0.063865659 | lr=0.005
Restart 0, epoch  3000 | Delta=29.014351 | best Delta=29.014351 | obj=0.063767804 | lr=0.005
Restart 0, epoch  3500 | Delta=28.392142 | best Delta=28.392142 | obj=0.062400311 | lr=0.005
Restart 0, epoch 04000: lr milestone 0.005 -> 0.0025
Restart 0, epoch  4000 | Delta=28.398642 | best Delta=28.392142 | obj=0.062414598 | lr=0.0025
Restart 0, epoch  4500 | Delta=26.970512 | best Delta=26.970512 | obj=0.059275851 | lr=0.0025
Restart 0, epoch  5000 | Delta=26.543226 | best Delta=26.543226 | obj=0.058336761 | lr=0.0025
Restart 1: initial Delta=383.951048; objective_for_grad=0.84384846
Restart 1, epoch     1 | Delta=294.211974 | best Delta=294.211974 | obj=0.64661972 | lr=0.02
Restart 1, epoch   500 | Delta=51.657519 | best Delta=51.657519 | obj=0.11353301 | lr=0.02
Restart 1, epoch 00700: lr milestone 0.02 -> 0.01
Restart 1, epoch  1000 | Delta=34.955153 | best Delta=34.955153 | obj=0.076824513 | lr=0.01
Restart 1, epoch  1500 | Delta=32.409266 | best Delta=32.409266 | obj=0.071229157 | lr=0.01
Restart 1, epoch 02000: lr milestone 0.01 -> 0.005
Restart 1, epoch  2000 | Delta=31.749725 | best Delta=31.749725 | obj=0.069779615 | lr=0.005
Restart 1, epoch  2500 | Delta=28.805916 | best Delta=28.805916 | obj=0.063309705 | lr=0.005
Restart 1, epoch  3000 | Delta=29.172691 | best Delta=28.805916 | obj=0.064115805 | lr=0.005
Restart 1, epoch  3500 | Delta=30.733212 | best Delta=28.805916 | obj=0.067545521 | lr=0.005
Restart 1, epoch 04000: lr milestone 0.005 -> 0.0025
Restart 1, epoch  4000 | Delta=30.166035 | best Delta=28.805916 | obj=0.066298978 | lr=0.0025
Restart 1, epoch  4500 | Delta=26.483927 | best Delta=26.483927 | obj=0.058206433 | lr=0.0025
Restart 1, epoch  5000 | Delta=27.222712 | best Delta=26.483927 | obj=0.059830135 | lr=0.0025
Selected restart 1 with final Delta=26.483927; reduction=93.102265%; best_epoch=4500; epochs_used=5000; final_lr=0.0025
