Hyb-Adam-UM optimizer log
{"epochs": 5000, "print_every": 500, "lr_init": 0.02, "lr_milestones": [700, 2000, 4000], "lr_factor": 0.5, "lr_min": 0.0001, "sched_patience_blocks": 7, "weight_decay": 0.0, "clip_grad_norm": 5.0, "h_central_diff": 1e-05, "beta1": 0.9, "beta2": 0.999, "adam_eps": 1e-08, "seed_hyb": 42, "init_strategy": "two_way_mean", "n_restarts": 2, "restart_jitter_scale": 0.03, "max_distance_factor": 1.5, "normalize_objective_by_triplets": true, "convergence_rel_tol": 1e-07, "convergence_patience_checks": 5, "early_stop": false}
Initial strategy=two_way_mean; restarts=2; upper_bound=0.23388963332927265; optimized_variables=32; normalize_objective_by_triplets=True
Restart 0: initial Delta=270.369945; objective_for_grad=0.59421966
Restart 0, epoch     1 | Delta=191.092455 | best Delta=191.092455 | obj=0.41998342 | lr=0.02
Restart 0, epoch   500 | Delta=46.763274 | best Delta=46.763274 | obj=0.10277643 | lr=0.02
Restart 0, epoch 00700: lr milestone 0.02 -> 0.01
Restart 0, epoch  1000 | Delta=34.034572 | best Delta=34.034572 | obj=0.074801258 | lr=0.01
Restart 0, epoch  1500 | Delta=36.009242 | best Delta=34.034572 | obj=0.079141191 | lr=0.01
Restart 0, epoch 02000: lr milestone 0.01 -> 0.005
Restart 0, epoch  2000 | Delta=35.401040 | best Delta=34.034572 | obj=0.077804482 | lr=0.005
Restart 0, epoch  2500 | Delta=32.431838 | best Delta=32.431838 | obj=0.071278764 | lr=0.005
Restart 0, epoch  3000 | Delta=32.961506 | best Delta=32.431838 | obj=0.072442871 | lr=0.005
Restart 0, epoch  3500 | Delta=32.655940 | best Delta=32.431838 | obj=0.071771297 | lr=0.005
Restart 0, epoch 04000: lr milestone 0.005 -> 0.0025
Restart 0, epoch  4000 | Delta=32.373252 | best Delta=32.373252 | obj=0.071150004 | lr=0.0025
Restart 0, epoch  4500 | Delta=30.726671 | best Delta=30.726671 | obj=0.067531144 | lr=0.0025
Restart 0, epoch  5000 | Delta=31.194326 | best Delta=30.726671 | obj=0.068558959 | lr=0.0025
Restart 1: initial Delta=346.461275; objective_for_grad=0.76145335
Restart 1, epoch     1 | Delta=215.341863 | best Delta=215.341863 | obj=0.47327882 | lr=0.02
Restart 1, epoch   500 | Delta=50.504041 | best Delta=50.504041 | obj=0.11099789 | lr=0.02
Restart 1, epoch 00700: lr milestone 0.02 -> 0.01
Restart 1, epoch  1000 | Delta=41.607173 | best Delta=41.607173 | obj=0.091444335 | lr=0.01
Restart 1, epoch  1500 | Delta=43.587007 | best Delta=41.607173 | obj=0.095795619 | lr=0.01
Restart 1, epoch 02000: lr milestone 0.01 -> 0.005
Restart 1, epoch  2000 | Delta=41.821519 | best Delta=41.607173 | obj=0.091915427 | lr=0.005
Restart 1, epoch  2500 | Delta=39.252449 | best Delta=39.252449 | obj=0.086269119 | lr=0.005
Restart 1, epoch  3000 | Delta=39.290376 | best Delta=39.252449 | obj=0.086352475 | lr=0.005
Restart 1, epoch  3500 | Delta=39.754215 | best Delta=39.252449 | obj=0.087371901 | lr=0.005
Restart 1, epoch 04000: lr milestone 0.005 -> 0.0025
Restart 1, epoch  4000 | Delta=39.379727 | best Delta=39.252449 | obj=0.086548851 | lr=0.0025
Restart 1, epoch  4500 | Delta=38.229727 | best Delta=38.229727 | obj=0.084021379 | lr=0.0025
Restart 1, epoch  5000 | Delta=38.229839 | best Delta=38.229727 | obj=0.084021624 | lr=0.0025
Selected restart 0 with final Delta=30.726671; reduction=88.635323%; best_epoch=4500; epochs_used=5000; final_lr=0.0025
