Hyb-Adam-UM optimizer log
{"epochs": 5000, "print_every": 500, "lr_init": 0.02, "lr_milestones": [700, 2000, 4000], "lr_factor": 0.5, "lr_min": 0.0001, "sched_patience_blocks": 7, "weight_decay": 0.0, "clip_grad_norm": 5.0, "h_central_diff": 1e-05, "beta1": 0.9, "beta2": 0.999, "adam_eps": 1e-08, "seed_hyb": 42, "init_strategy": "two_way_mean", "n_restarts": 2, "restart_jitter_scale": 0.03, "max_distance_factor": 1.5, "normalize_objective_by_triplets": true, "convergence_rel_tol": 1e-07, "convergence_patience_checks": 5, "early_stop": false}
Initial strategy=two_way_mean; restarts=2; upper_bound=0.23388963332927265; optimized_variables=68; normalize_objective_by_triplets=True
Restart 0: initial Delta=480.327841; objective_for_grad=1.0556656
Restart 0, epoch     1 | Delta=389.242337 | best Delta=389.242337 | obj=0.85547766 | lr=0.02
Restart 0, epoch   500 | Delta=51.507395 | best Delta=51.507395 | obj=0.11320307 | lr=0.02
Restart 0, epoch 00700: lr milestone 0.02 -> 0.01
Restart 0, epoch  1000 | Delta=28.887726 | best Delta=28.887726 | obj=0.063489509 | lr=0.01
Restart 0, epoch  1500 | Delta=27.059908 | best Delta=27.059908 | obj=0.059472325 | lr=0.01
Restart 0, epoch 02000: lr milestone 0.01 -> 0.005
Restart 0, epoch  2000 | Delta=28.596251 | best Delta=27.059908 | obj=0.062848903 | lr=0.005
Restart 0, epoch  2500 | Delta=21.314384 | best Delta=21.314384 | obj=0.046844799 | lr=0.005
Restart 0, epoch  3000 | Delta=20.799531 | best Delta=20.799531 | obj=0.045713255 | lr=0.005
Restart 0, epoch  3500 | Delta=20.583986 | best Delta=20.583986 | obj=0.045239531 | lr=0.005
Restart 0, epoch 04000: lr milestone 0.005 -> 0.0025
Restart 0, epoch  4000 | Delta=21.031149 | best Delta=20.583986 | obj=0.046222306 | lr=0.0025
Restart 0, epoch  4500 | Delta=18.676470 | best Delta=18.676470 | obj=0.041047187 | lr=0.0025
Restart 0, epoch  5000 | Delta=17.766144 | best Delta=17.766144 | obj=0.039046471 | lr=0.0025
Restart 1: initial Delta=328.617401; objective_for_grad=0.72223605
Restart 1, epoch     1 | Delta=630.901301 | best Delta=328.617401 | obj=1.3865963 | lr=0.02
Restart 1, epoch   500 | Delta=57.904235 | best Delta=57.904235 | obj=0.12726205 | lr=0.02
Restart 1, epoch 00700: lr milestone 0.02 -> 0.01
Restart 1, epoch  1000 | Delta=32.326983 | best Delta=32.326983 | obj=0.071048313 | lr=0.01
Restart 1, epoch  1500 | Delta=26.035854 | best Delta=26.035854 | obj=0.057221658 | lr=0.01
Restart 1, epoch 02000: lr milestone 0.01 -> 0.005
Restart 1, epoch  2000 | Delta=36.146563 | best Delta=26.035854 | obj=0.079442996 | lr=0.005
Restart 1, epoch  2500 | Delta=21.510634 | best Delta=21.510634 | obj=0.047276118 | lr=0.005
Restart 1, epoch  3000 | Delta=21.231867 | best Delta=21.231867 | obj=0.046663445 | lr=0.005
Restart 1, epoch  3500 | Delta=20.945211 | best Delta=20.945211 | obj=0.046033432 | lr=0.005
Restart 1, epoch 04000: lr milestone 0.005 -> 0.0025
Restart 1, epoch  4000 | Delta=20.937286 | best Delta=20.937286 | obj=0.046016014 | lr=0.0025
Restart 1, epoch  4500 | Delta=17.626477 | best Delta=17.626477 | obj=0.03873951 | lr=0.0025
Restart 1, epoch  5000 | Delta=17.071145 | best Delta=17.071145 | obj=0.037518999 | lr=0.0025
Selected restart 1 with final Delta=17.071145; reduction=94.805161%; best_epoch=5000; epochs_used=5000; final_lr=0.0025
