Hyb-Adam-UM optimizer log
{"epochs": 5000, "print_every": 500, "lr_init": 0.02, "lr_milestones": [700, 2000, 4000], "lr_factor": 0.5, "lr_min": 0.0001, "sched_patience_blocks": 7, "weight_decay": 0.0, "clip_grad_norm": null, "h_central_diff": 1e-05, "beta1": 0.9, "beta2": 0.999, "adam_eps": 1e-08, "seed_hyb": 42, "init_strategy": "two_way_mean", "n_restarts": 1, "restart_jitter_scale": 0.03, "max_distance_factor": 1.5, "normalize_objective_by_triplets": true, "convergence_rel_tol": 1e-07, "convergence_patience_checks": 5, "early_stop": false}
Initial strategy=two_way_mean; restarts=1; upper_bound=0.23388963332927265; optimized_variables=52; normalize_objective_by_triplets=True
Restart 0: initial Delta=319.221908; objective_for_grad=0.70158661
Restart 0, epoch     1 | Delta=276.305314 | best Delta=276.305314 | obj=0.60726443 | lr=0.02
Restart 0, epoch   500 | Delta=576.931865 | best Delta=276.305314 | obj=1.2679821 | lr=0.02
Restart 0, epoch 00700: lr milestone 0.02 -> 0.01
Restart 0, epoch  1000 | Delta=535.680751 | best Delta=276.305314 | obj=1.1773203 | lr=0.01
Restart 0, epoch  1500 | Delta=576.191747 | best Delta=276.305314 | obj=1.2663555 | lr=0.01
Restart 0, epoch 02000: lr milestone 0.01 -> 0.005
Restart 0, epoch  2000 | Delta=546.799572 | best Delta=276.305314 | obj=1.2017573 | lr=0.005
Restart 0, epoch  2500 | Delta=533.527044 | best Delta=276.305314 | obj=1.1725869 | lr=0.005
Restart 0: convergence detected at epoch 2500
Restart 0, epoch  3000 | Delta=547.430632 | best Delta=276.305314 | obj=1.2031442 | lr=0.005
Restart 0, epoch  3500 | Delta=533.207200 | best Delta=276.305314 | obj=1.171884 | lr=0.005
Restart 0, epoch 03500: lr plateau 0.005 -> 0.0025
Restart 0, epoch 04000: lr milestone 0.0025 -> 0.00125
Restart 0, epoch  4000 | Delta=526.524005 | best Delta=276.305314 | obj=1.1571956 | lr=0.00125
Restart 0, epoch  4500 | Delta=525.775131 | best Delta=276.305314 | obj=1.1555497 | lr=0.00125
Restart 0, epoch  5000 | Delta=525.061299 | best Delta=276.305314 | obj=1.1539809 | lr=0.00125
Selected restart 0 with final Delta=276.305314; reduction=13.444126%; best_epoch=1; epochs_used=5000; final_lr=0.00125
