Hyb-Adam-UM optimizer log
{"epochs": 5000, "print_every": 500, "lr_init": 0.02, "lr_milestones": [700, 2000, 4000], "lr_factor": 0.5, "lr_min": 0.0001, "sched_patience_blocks": 7, "weight_decay": 0.0, "clip_grad_norm": null, "h_central_diff": 1e-05, "beta1": 0.9, "beta2": 0.999, "adam_eps": 1e-08, "seed_hyb": 42, "init_strategy": "two_way_mean", "n_restarts": 1, "restart_jitter_scale": 0.03, "max_distance_factor": 1.5, "normalize_objective_by_triplets": true, "convergence_rel_tol": 1e-07, "convergence_patience_checks": 5, "early_stop": false}
Initial strategy=two_way_mean; restarts=1; upper_bound=0.23388963332927265; optimized_variables=52; normalize_objective_by_triplets=True
Restart 0: initial Delta=312.934882; objective_for_grad=0.68776897
Restart 0, epoch     1 | Delta=354.833705 | best Delta=312.934882 | obj=0.7798543 | lr=0.02
Restart 0, epoch   500 | Delta=617.927391 | best Delta=312.934882 | obj=1.3580822 | lr=0.02
Restart 0, epoch 00700: lr milestone 0.02 -> 0.01
Restart 0, epoch  1000 | Delta=587.559021 | best Delta=312.934882 | obj=1.2913385 | lr=0.01
Restart 0, epoch  1500 | Delta=557.782880 | best Delta=312.934882 | obj=1.2258964 | lr=0.01
Restart 0, epoch 02000: lr milestone 0.01 -> 0.005
Restart 0, epoch  2000 | Delta=553.391665 | best Delta=312.934882 | obj=1.2162454 | lr=0.005
Restart 0: convergence detected at epoch 2000
Restart 0, epoch  2500 | Delta=539.808354 | best Delta=312.934882 | obj=1.186392 | lr=0.005
Restart 0, epoch  3000 | Delta=535.607874 | best Delta=312.934882 | obj=1.1771602 | lr=0.005
Restart 0, epoch 03000: lr plateau 0.005 -> 0.0025
Restart 0, epoch  3500 | Delta=533.359204 | best Delta=312.934882 | obj=1.172218 | lr=0.0025
Restart 0, epoch 04000: lr milestone 0.0025 -> 0.00125
Restart 0, epoch  4000 | Delta=530.885087 | best Delta=312.934882 | obj=1.1667804 | lr=0.00125
Restart 0, epoch  4500 | Delta=529.459737 | best Delta=312.934882 | obj=1.1636478 | lr=0.00125
Restart 0, epoch  5000 | Delta=527.804180 | best Delta=312.934882 | obj=1.1600092 | lr=0.00125
Selected restart 0 with final Delta=312.934882; reduction=0.000000%; best_epoch=0; epochs_used=5000; final_lr=0.00125
