Hyb-Adam-UM optimizer log
{"epochs": 5000, "print_every": 500, "lr_init": 0.02, "lr_milestones": [700, 2000, 4000], "lr_factor": 0.5, "lr_min": 0.0001, "sched_patience_blocks": 7, "weight_decay": 0.0, "clip_grad_norm": null, "h_central_diff": 1e-05, "beta1": 0.9, "beta2": 0.999, "adam_eps": 1e-08, "seed_hyb": 42, "init_strategy": "two_way_mean", "n_restarts": 1, "restart_jitter_scale": 0.03, "max_distance_factor": 1.5, "normalize_objective_by_triplets": true, "convergence_rel_tol": 1e-07, "convergence_patience_checks": 5, "early_stop": false}
Initial strategy=two_way_mean; restarts=1; upper_bound=0.35010973558235414; optimized_variables=218; normalize_objective_by_triplets=True
Restart 0: initial Delta=1310.565469; objective_for_grad=0.32279938
Restart 0, epoch     1 | Delta=1274.088464 | best Delta=1274.088464 | obj=0.31381489 | lr=0.02
Restart 0, epoch   500 | Delta=8099.525515 | best Delta=1274.088464 | obj=1.994957 | lr=0.02
Restart 0, epoch 00700: lr milestone 0.02 -> 0.01
Restart 0, epoch  1000 | Delta=7834.894082 | best Delta=1274.088464 | obj=1.9297769 | lr=0.01
Restart 0, epoch  1500 | Delta=7404.083902 | best Delta=1274.088464 | obj=1.823666 | lr=0.01
Restart 0, epoch 02000: lr milestone 0.01 -> 0.005
Restart 0, epoch  2000 | Delta=7865.678659 | best Delta=1274.088464 | obj=1.9373593 | lr=0.005
Restart 0, epoch  2500 | Delta=7632.930701 | best Delta=1274.088464 | obj=1.8800322 | lr=0.005
Restart 0: convergence detected at epoch 2500
Restart 0, epoch  3000 | Delta=7615.615721 | best Delta=1274.088464 | obj=1.8757674 | lr=0.005
Restart 0, epoch  3500 | Delta=7529.829019 | best Delta=1274.088464 | obj=1.8546377 | lr=0.005
Restart 0, epoch 03500: lr plateau 0.005 -> 0.0025
Restart 0, epoch 04000: lr milestone 0.0025 -> 0.00125
Restart 0, epoch  4000 | Delta=7612.038861 | best Delta=1274.088464 | obj=1.8748864 | lr=0.00125
Restart 0, epoch  4500 | Delta=7633.561591 | best Delta=1274.088464 | obj=1.8801876 | lr=0.00125
Restart 0, epoch  5000 | Delta=7763.041714 | best Delta=1274.088464 | obj=1.9120792 | lr=0.00125
Selected restart 0 with final Delta=1274.088464; reduction=2.783303%; best_epoch=1; epochs_used=5000; final_lr=0.00125
