Hyb-Adam-UM optimizer log
{"epochs": 5000, "print_every": 500, "lr_init": 0.02, "lr_milestones": [700, 2000, 4000], "lr_factor": 0.5, "lr_min": 0.0001, "sched_patience_blocks": 7, "weight_decay": 0.0, "clip_grad_norm": 5.0, "h_central_diff": 1e-05, "beta1": 0.9, "beta2": 0.999, "adam_eps": 1e-08, "seed_hyb": 42, "init_strategy": "two_way_mean", "n_restarts": 2, "restart_jitter_scale": 0.03, "max_distance_factor": 1.5, "normalize_objective_by_triplets": true, "convergence_rel_tol": 1e-07, "convergence_patience_checks": 5, "early_stop": false}
Initial strategy=two_way_mean; restarts=2; upper_bound=0.35010973558235414; optimized_variables=218; normalize_objective_by_triplets=True
Restart 0: initial Delta=1310.565469; objective_for_grad=0.32279938
Restart 0, epoch     1 | Delta=1274.079629 | best Delta=1274.079629 | obj=0.31381272 | lr=0.02
Restart 0, epoch   500 | Delta=710.961916 | best Delta=710.961916 | obj=0.17511377 | lr=0.02
Restart 0, epoch 00700: lr milestone 0.02 -> 0.01
Restart 0, epoch  1000 | Delta=678.805885 | best Delta=678.805885 | obj=0.16719357 | lr=0.01
Restart 0, epoch  1500 | Delta=678.983812 | best Delta=678.805885 | obj=0.16723739 | lr=0.01
Restart 0, epoch 02000: lr milestone 0.01 -> 0.005
Restart 0, epoch  2000 | Delta=680.799634 | best Delta=678.805885 | obj=0.16768464 | lr=0.005
Restart 0, epoch  2500 | Delta=669.822252 | best Delta=669.822252 | obj=0.16498085 | lr=0.005
Restart 0, epoch  3000 | Delta=668.546738 | best Delta=668.546738 | obj=0.16466668 | lr=0.005
Restart 0, epoch  3500 | Delta=669.883443 | best Delta=668.546738 | obj=0.16499592 | lr=0.005
Restart 0, epoch 04000: lr milestone 0.005 -> 0.0025
Restart 0, epoch  4000 | Delta=669.727147 | best Delta=668.546738 | obj=0.16495743 | lr=0.0025
Restart 0, epoch  4500 | Delta=663.349349 | best Delta=663.349349 | obj=0.16338654 | lr=0.0025
Restart 0, epoch  5000 | Delta=663.004282 | best Delta=663.004282 | obj=0.16330155 | lr=0.0025
Restart 1: initial Delta=1359.918291; objective_for_grad=0.33495524
Restart 1, epoch     1 | Delta=1430.987383 | best Delta=1359.918291 | obj=0.35245995 | lr=0.02
Restart 1, epoch   500 | Delta=693.672070 | best Delta=693.672070 | obj=0.17085519 | lr=0.02
Restart 1, epoch 00700: lr milestone 0.02 -> 0.01
Restart 1, epoch  1000 | Delta=667.838278 | best Delta=667.838278 | obj=0.16449219 | lr=0.01
Restart 1, epoch  1500 | Delta=671.149505 | best Delta=667.838278 | obj=0.16530776 | lr=0.01
Restart 1, epoch 02000: lr milestone 0.01 -> 0.005
Restart 1, epoch  2000 | Delta=668.382193 | best Delta=667.838278 | obj=0.16462616 | lr=0.005
Restart 1, epoch  2500 | Delta=657.892999 | best Delta=657.892999 | obj=0.16204261 | lr=0.005
Restart 1, epoch  3000 | Delta=659.575175 | best Delta=657.892999 | obj=0.16245694 | lr=0.005
Restart 1, epoch  3500 | Delta=659.391421 | best Delta=657.892999 | obj=0.16241168 | lr=0.005
Restart 1, epoch 04000: lr milestone 0.005 -> 0.0025
Restart 1, epoch  4000 | Delta=658.066757 | best Delta=657.892999 | obj=0.16208541 | lr=0.0025
Restart 1, epoch  4500 | Delta=652.032318 | best Delta=652.032318 | obj=0.16059909 | lr=0.0025
Restart 1, epoch  5000 | Delta=653.065280 | best Delta=652.032318 | obj=0.16085352 | lr=0.0025
Selected restart 1 with final Delta=652.032318; reduction=52.053567%; best_epoch=4500; epochs_used=5000; final_lr=0.0025
