Hyb-Adam-UM optimizer log
{"epochs": 5000, "print_every": 500, "lr_init": 0.02, "lr_milestones": [700, 2000, 4000], "lr_factor": 0.5, "lr_min": 0.0001, "sched_patience_blocks": 7, "weight_decay": 0.0, "clip_grad_norm": null, "h_central_diff": 1e-05, "beta1": 0.9, "beta2": 0.999, "adam_eps": 1e-08, "seed_hyb": 42, "init_strategy": "two_way_mean", "n_restarts": 1, "restart_jitter_scale": 0.03, "max_distance_factor": 1.5, "normalize_objective_by_triplets": true, "convergence_rel_tol": 1e-07, "convergence_patience_checks": 5, "early_stop": false}
Initial strategy=two_way_mean; restarts=1; upper_bound=0.375; optimized_variables=218; normalize_objective_by_triplets=True
Restart 0: initial Delta=1704.753411; objective_for_grad=0.41989
Restart 0, epoch     1 | Delta=1881.123107 | best Delta=1704.753411 | obj=0.46333081 | lr=0.02
Restart 0, epoch   500 | Delta=9637.401151 | best Delta=1704.753411 | obj=2.3737441 | lr=0.02
Restart 0, epoch 00700: lr milestone 0.02 -> 0.01
Restart 0, epoch  1000 | Delta=8320.197831 | best Delta=1704.753411 | obj=2.0493098 | lr=0.01
Restart 0, epoch  1500 | Delta=8373.464972 | best Delta=1704.753411 | obj=2.0624298 | lr=0.01
Restart 0, epoch 02000: lr milestone 0.01 -> 0.005
Restart 0, epoch  2000 | Delta=8435.957608 | best Delta=1704.753411 | obj=2.0778221 | lr=0.005
Restart 0: convergence detected at epoch 2000
Restart 0, epoch  2500 | Delta=8676.444416 | best Delta=1704.753411 | obj=2.1370553 | lr=0.005
Restart 0, epoch  3000 | Delta=8380.625642 | best Delta=1704.753411 | obj=2.0641935 | lr=0.005
Restart 0, epoch 03000: lr plateau 0.005 -> 0.0025
Restart 0, epoch  3500 | Delta=8301.549964 | best Delta=1704.753411 | obj=2.0447167 | lr=0.0025
Restart 0, epoch 04000: lr milestone 0.0025 -> 0.00125
Restart 0, epoch  4000 | Delta=8504.521266 | best Delta=1704.753411 | obj=2.0947097 | lr=0.00125
Restart 0, epoch  4500 | Delta=8567.518519 | best Delta=1704.753411 | obj=2.1102262 | lr=0.00125
Restart 0, epoch  5000 | Delta=8468.224640 | best Delta=1704.753411 | obj=2.0857696 | lr=0.00125
Selected restart 0 with final Delta=1704.753411; reduction=0.000000%; best_epoch=0; epochs_used=5000; final_lr=0.00125
