Hyb-Adam-UM optimizer log
{"epochs": 5000, "print_every": 500, "lr_init": 0.02, "lr_milestones": [700, 2000, 4000], "lr_factor": 0.5, "lr_min": 0.0001, "sched_patience_blocks": 7, "weight_decay": 0.0, "clip_grad_norm": 5.0, "h_central_diff": 1e-05, "beta1": 0.9, "beta2": 0.999, "adam_eps": 1e-08, "seed_hyb": 42, "init_strategy": "two_way_mean", "n_restarts": 2, "restart_jitter_scale": 0.03, "max_distance_factor": 1.5, "normalize_objective_by_triplets": true, "convergence_rel_tol": 1e-07, "convergence_patience_checks": 5, "early_stop": false}
Initial strategy=two_way_mean; restarts=2; upper_bound=0.375; optimized_variables=218; normalize_objective_by_triplets=True
Restart 0: initial Delta=1704.753411; objective_for_grad=0.41989
Restart 0, epoch     1 | Delta=1881.121871 | best Delta=1704.753411 | obj=0.46333051 | lr=0.02
Restart 0, epoch   500 | Delta=934.922707 | best Delta=934.922707 | obj=0.23027653 | lr=0.02
Restart 0, epoch 00700: lr milestone 0.02 -> 0.01
Restart 0, epoch  1000 | Delta=903.772551 | best Delta=903.772551 | obj=0.22260408 | lr=0.01
Restart 0, epoch  1500 | Delta=908.643811 | best Delta=903.772551 | obj=0.22380389 | lr=0.01
Restart 0, epoch 02000: lr milestone 0.01 -> 0.005
Restart 0, epoch  2000 | Delta=913.890577 | best Delta=903.772551 | obj=0.2250962 | lr=0.005
Restart 0, epoch  2500 | Delta=893.564295 | best Delta=893.564295 | obj=0.22008973 | lr=0.005
Restart 0, epoch  3000 | Delta=891.377938 | best Delta=891.377938 | obj=0.21955122 | lr=0.005
Restart 0, epoch  3500 | Delta=891.523149 | best Delta=891.377938 | obj=0.21958698 | lr=0.005
Restart 0, epoch 04000: lr milestone 0.005 -> 0.0025
Restart 0, epoch  4000 | Delta=890.413790 | best Delta=890.413790 | obj=0.21931374 | lr=0.0025
Restart 0, epoch  4500 | Delta=881.118050 | best Delta=881.118050 | obj=0.21702415 | lr=0.0025
Restart 0, epoch  5000 | Delta=881.373372 | best Delta=881.118050 | obj=0.21708704 | lr=0.0025
Restart 1: initial Delta=1861.782139; objective_for_grad=0.45856703
Restart 1, epoch     1 | Delta=1883.507556 | best Delta=1861.782139 | obj=0.46391812 | lr=0.02
Restart 1, epoch   500 | Delta=948.004529 | best Delta=948.004529 | obj=0.23349865 | lr=0.02
Restart 1, epoch 00700: lr milestone 0.02 -> 0.01
Restart 1, epoch  1000 | Delta=916.450044 | best Delta=916.450044 | obj=0.22572661 | lr=0.01
Restart 1, epoch  1500 | Delta=912.334117 | best Delta=912.334117 | obj=0.22471284 | lr=0.01
Restart 1, epoch 02000: lr milestone 0.01 -> 0.005
Restart 1, epoch  2000 | Delta=916.744818 | best Delta=912.334117 | obj=0.22579922 | lr=0.005
Restart 1, epoch  2500 | Delta=892.467095 | best Delta=892.467095 | obj=0.21981948 | lr=0.005
Restart 1, epoch  3000 | Delta=891.803305 | best Delta=891.803305 | obj=0.21965599 | lr=0.005
Restart 1, epoch  3500 | Delta=894.938861 | best Delta=891.803305 | obj=0.22042829 | lr=0.005
Restart 1, epoch 04000: lr milestone 0.005 -> 0.0025
Restart 1, epoch  4000 | Delta=891.418635 | best Delta=891.418635 | obj=0.21956124 | lr=0.0025
Restart 1, epoch  4500 | Delta=881.395330 | best Delta=881.395330 | obj=0.21709245 | lr=0.0025
Restart 1, epoch  5000 | Delta=882.314523 | best Delta=881.395330 | obj=0.21731885 | lr=0.0025
Selected restart 0 with final Delta=881.118050; reduction=48.314047%; best_epoch=4500; epochs_used=5000; final_lr=0.0025
