Hyb-Adam-UM optimizer log
{"epochs": 5000, "print_every": 500, "lr_init": 0.02, "lr_milestones": [700, 2000, 4000], "lr_factor": 0.5, "lr_min": 0.0001, "sched_patience_blocks": 7, "weight_decay": 0.0, "clip_grad_norm": 5.0, "h_central_diff": 1e-05, "beta1": 0.9, "beta2": 0.999, "adam_eps": 1e-08, "seed_hyb": 42, "init_strategy": "two_way_mean", "n_restarts": 2, "restart_jitter_scale": 0.03, "max_distance_factor": 1.5, "normalize_objective_by_triplets": true, "convergence_rel_tol": 1e-07, "convergence_patience_checks": 5, "early_stop": false}
Initial strategy=two_way_mean; restarts=2; upper_bound=0.36301501725916097; optimized_variables=218; normalize_objective_by_triplets=True
Restart 0: initial Delta=1229.885471; objective_for_grad=0.30292746
Restart 0, epoch     1 | Delta=1267.126696 | best Delta=1229.885471 | obj=0.31210017 | lr=0.02
Restart 0, epoch   500 | Delta=778.828133 | best Delta=778.828133 | obj=0.19182959 | lr=0.02
Restart 0, epoch 00700: lr milestone 0.02 -> 0.01
Restart 0, epoch  1000 | Delta=758.666964 | best Delta=758.666964 | obj=0.18686378 | lr=0.01
Restart 0, epoch  1500 | Delta=758.122652 | best Delta=758.122652 | obj=0.18672972 | lr=0.01
Restart 0, epoch 02000: lr milestone 0.01 -> 0.005
Restart 0, epoch  2000 | Delta=760.674713 | best Delta=758.122652 | obj=0.1873583 | lr=0.005
Restart 0, epoch  2500 | Delta=751.668390 | best Delta=751.668390 | obj=0.18514 | lr=0.005
Restart 0, epoch  3000 | Delta=751.432940 | best Delta=751.432940 | obj=0.185082 | lr=0.005
Restart 0, epoch  3500 | Delta=751.448392 | best Delta=751.432940 | obj=0.18508581 | lr=0.005
Restart 0, epoch 04000: lr milestone 0.005 -> 0.0025
Restart 0, epoch  4000 | Delta=752.163371 | best Delta=751.432940 | obj=0.18526191 | lr=0.0025
Restart 0, epoch  4500 | Delta=748.247564 | best Delta=748.247564 | obj=0.18429743 | lr=0.0025
Restart 0, epoch  5000 | Delta=748.223892 | best Delta=748.223892 | obj=0.1842916 | lr=0.0025
Restart 1: initial Delta=1223.950066; objective_for_grad=0.30146553
Restart 1, epoch     1 | Delta=1286.557156 | best Delta=1223.950066 | obj=0.316886 | lr=0.02
Restart 1, epoch   500 | Delta=774.518735 | best Delta=774.518735 | obj=0.19076816 | lr=0.02
Restart 1, epoch 00700: lr milestone 0.02 -> 0.01
Restart 1, epoch  1000 | Delta=760.135231 | best Delta=760.135231 | obj=0.18722543 | lr=0.01
Restart 1, epoch  1500 | Delta=760.862734 | best Delta=760.135231 | obj=0.18740461 | lr=0.01
Restart 1, epoch 02000: lr milestone 0.01 -> 0.005
Restart 1, epoch  2000 | Delta=760.360865 | best Delta=760.135231 | obj=0.187281 | lr=0.005
Restart 1, epoch  2500 | Delta=751.001160 | best Delta=751.001160 | obj=0.18497566 | lr=0.005
Restart 1, epoch  3000 | Delta=751.977877 | best Delta=751.001160 | obj=0.18521623 | lr=0.005
Restart 1, epoch  3500 | Delta=750.976385 | best Delta=750.976385 | obj=0.18496955 | lr=0.005
Restart 1, epoch 04000: lr milestone 0.005 -> 0.0025
Restart 1, epoch  4000 | Delta=751.547170 | best Delta=750.976385 | obj=0.18511014 | lr=0.0025
Restart 1, epoch  4500 | Delta=747.688553 | best Delta=747.688553 | obj=0.18415974 | lr=0.0025
Restart 1, epoch  5000 | Delta=747.535308 | best Delta=747.535308 | obj=0.184122 | lr=0.0025
Selected restart 1 with final Delta=747.535308; reduction=38.924362%; best_epoch=5000; epochs_used=5000; final_lr=0.0025
